spritesheet_rules.mk:359: warning: overriding commands for target `graphics/object_events/pics/people/tuber_m_land.4bpp'
graphics_file_rules.mk:511: warning: ignoring old commands for target `graphics/object_events/pics/people/tuber_m_land.4bpp'
spritesheet_rules.mk:362: warning: overriding commands for target `graphics/object_events/pics/people/tuber_m_water.4bpp'
graphics_file_rules.mk:514: warning: ignoring old commands for target `graphics/object_events/pics/people/tuber_m_water.4bpp'
spritesheet_rules.mk:359: warning: overriding commands for target `graphics/object_events/pics/people/tuber_m_land.4bpp'
graphics_file_rules.mk:511: warning: ignoring old commands for target `graphics/object_events/pics/people/tuber_m_land.4bpp'
spritesheet_rules.mk:362: warning: overriding commands for target `graphics/object_events/pics/people/tuber_m_water.4bpp'
graphics_file_rules.mk:514: warning: ignoring old commands for target `graphics/object_events/pics/people/tuber_m_water.4bpp'
tools/scaninc/scaninc -M build/firered/src/help_menu.d -I include -I tools/agbcc/include src/help_menu.c
spritesheet_rules.mk:359: warning: overriding commands for target `graphics/object_events/pics/people/tuber_m_land.4bpp'
graphics_file_rules.mk:511: warning: ignoring old commands for target `graphics/object_events/pics/people/tuber_m_land.4bpp'
spritesheet_rules.mk:362: warning: overriding commands for target `graphics/object_events/pics/people/tuber_m_water.4bpp'
graphics_file_rules.mk:514: warning: ignoring old commands for target `graphics/object_events/pics/people/tuber_m_water.4bpp'
spritesheet_rules.mk:359: warning: overriding commands for target `graphics/object_events/pics/people/tuber_m_land.4bpp'
graphics_file_rules.mk:511: warning: ignoring old commands for target `graphics/object_events/pics/people/tuber_m_land.4bpp'
spritesheet_rules.mk:362: warning: overriding commands for target `graphics/object_events/pics/people/tuber_m_water.4bpp'
graphics_file_rules.mk:514: warning: ignoring old commands for target `graphics/object_events/pics/people/tuber_m_water.4bpp'
tools/agbcc/bin/agbcc <flags> -o build/firered/src/help_menu.o src/help_menu.c
tools/ramscrgen/ramscrgen COMMON sym_common.txt ENGLISH -c build/firered/src,common_syms > build/firered/sym_common.ld
arm-none-eabi-ld: warning: ../../pokefirered.elf has a LOAD segment with RWX permissions
Memory region         Used Size  Region Size  %age Used
           EWRAM:      249144 B       256 KB     95.04%
           IWRAM:       30080 B        32 KB     91.80%
             ROM:    15343358 B        32 MB     45.73%
cd build/firered && arm-none-eabi-ld -Map ../../pokefirered.map -T ../../ld_script.ld --print-memory-usage -o ../../pokefirered.elf <objs> <libs> | cat
tools/gbafix/gbafix pokefirered.elf -t"POKEMON FIRE" -cBPRE -m01 -r0 --silent
arm-none-eabi-objcopy -O binary --gap-fill 0xFF --pad-to 0x9000000 pokefirered.elf pokefirered.gba
